2026-06-17 09:18:13,905 [1] INFO  Microsoft.Hosting.Lifetime - Now listening on: https://localhost:7014
2026-06-17 09:18:13,913 [1] INFO  Microsoft.Hosting.Lifetime - Now listening on: http://localhost:5162
2026-06-17 09:18:13,915 [1] INFO  Microsoft.Hosting.Lifetime - Application started. Press Ctrl+C to shut down.
2026-06-17 09:18:13,915 [1] INFO  Microsoft.Hosting.Lifetime - Hosting environment: Development
2026-06-17 09:18:13,915 [1] INFO  Microsoft.Hosting.Lifetime - Content root path: C:\Personal\Hexa May 26 DotNet\Git Notes\Hexa_May_26_DotNet\Asp Core Web API demos\Api_Pagination_Sorting_Demo
2026-06-17 09:19:00,570 [.NET TP Worker] ERROR Microsoft.EntityFrameworkCore.Database.Command - Failed executing DbCommand (81ms) [Parameters=[@__userName_0='?' (Size = 50) (DbType = AnsiString)], CommandType='Text', CommandTimeout='30']
SELECT [t].[UserId], [t].[CreatedDate], [t].[Email], [t].[FullName], [t].[IsActive], [t].[PasswordHash], [t].[UserName], [t0].[UserRoleId], [t0].[RoleId], [t0].[UserId], [t0].[RoleId0], [t0].[RoleName]
FROM (
    SELECT TOP(1) [u].[UserId], [u].[CreatedDate], [u].[Email], [u].[FullName], [u].[IsActive], [u].[PasswordHash], [u].[UserName]
    FROM [Users] AS [u]
    WHERE [u].[UserName] = @__userName_0
) AS [t]
LEFT JOIN (
    SELECT [u0].[UserRoleId], [u0].[RoleId], [u0].[UserId], [r].[RoleId] AS [RoleId0], [r].[RoleName]
    FROM [UserRoles] AS [u0]
    INNER JOIN [Roles] AS [r] ON [u0].[RoleId] = [r].[RoleId]
) AS [t0] ON [t].[UserId] = [t0].[UserId]
ORDER BY [t].[UserId], [t0].[UserRoleId]
2026-06-17 09:19:00,640 [.NET TP Worker] ERROR Microsoft.EntityFrameworkCore.Query - An exception occurred while iterating over the results of a query for context type 'Api_Pagination_Sorting_Demo.Data.HospitalAppointmentDbContext'.
Microsoft.Data.SqlClient.SqlException (0x80131904): Invalid column name 'CreatedDate'.
Invalid column name 'Email'.
Invalid column name 'IsActive'.
Invalid column name 'UserRoleId'.
Invalid column name 'RoleName'.
   at Microsoft.Data.SqlClient.SqlCommand.<>c.<ExecuteDbDataReaderAsync>b__211_0(Task`1 result)
   at System.Threading.Tasks.ContinuationResultTaskFromResultTask`2.InnerInvoke()
   at System.Threading.ExecutionContext.RunInternal(ExecutionContext executionContext, ContextCallback callback, Object state)
--- End of stack trace from previous location ---
   at System.Threading.ExecutionContext.RunInternal(ExecutionContext executionContext, ContextCallback callback, Object state)
   at System.Threading.Tasks.Task.ExecuteWithThreadLocal(Task& currentTaskSlot, Thread threadPoolThread)
--- End of stack trace from previous location ---
   at Microsoft.EntityFrameworkCore.Storage.RelationalCommand.ExecuteReaderAsync(RelationalCommandParameterObject parameterObject, CancellationToken cancellationToken)
   at Microsoft.EntityFrameworkCore.Storage.RelationalCommand.ExecuteReaderAsync(RelationalCommandParameterObject parameterObject, CancellationToken cancellationToken)
   at Microsoft.EntityFrameworkCore.Query.Internal.SingleQueryingEnumerable`1.AsyncEnumerator.InitializeReaderAsync(AsyncEnumerator enumerator, CancellationToken cancellationToken)
   at Microsoft.EntityFrameworkCore.SqlServer.Storage.Internal.SqlServerExecutionStrategy.ExecuteAsync[TState,TResult](TState state, Func`4 operation, Func`4 verifySucceeded, CancellationToken cancellationToken)
   at Microsoft.EntityFrameworkCore.Query.Internal.SingleQueryingEnumerable`1.AsyncEnumerator.MoveNextAsync()
ClientConnectionId:8efe9baf-5b48-4634-b55d-0520a8e0ad6b
Error Number:207,State:1,Class:16
Microsoft.Data.SqlClient.SqlException (0x80131904): Invalid column name 'CreatedDate'.
Invalid column name 'Email'.
Invalid column name 'IsActive'.
Invalid column name 'UserRoleId'.
Invalid column name 'RoleName'.
   at Microsoft.Data.SqlClient.SqlCommand.<>c.<ExecuteDbDataReaderAsync>b__211_0(Task`1 result)
   at System.Threading.Tasks.ContinuationResultTaskFromResultTask`2.InnerInvoke()
   at System.Threading.ExecutionContext.RunInternal(ExecutionContext executionContext, ContextCallback callback, Object state)
--- End of stack trace from previous location ---
   at System.Threading.ExecutionContext.RunInternal(ExecutionContext executionContext, ContextCallback callback, Object state)
   at System.Threading.Tasks.Task.ExecuteWithThreadLocal(Task& currentTaskSlot, Thread threadPoolThread)
--- End of stack trace from previous location ---
   at Microsoft.EntityFrameworkCore.Storage.RelationalCommand.ExecuteReaderAsync(RelationalCommandParameterObject parameterObject, CancellationToken cancellationToken)
   at Microsoft.EntityFrameworkCore.Storage.RelationalCommand.ExecuteReaderAsync(RelationalCommandParameterObject parameterObject, CancellationToken cancellationToken)
   at Microsoft.EntityFrameworkCore.Query.Internal.SingleQueryingEnumerable`1.AsyncEnumerator.InitializeReaderAsync(AsyncEnumerator enumerator, CancellationToken cancellationToken)
   at Microsoft.EntityFrameworkCore.SqlServer.Storage.Internal.SqlServerExecutionStrategy.ExecuteAsync[TState,TResult](TState state, Func`4 operation, Func`4 verifySucceeded, CancellationToken cancellationToken)
   at Microsoft.EntityFrameworkCore.Query.Internal.SingleQueryingEnumerable`1.AsyncEnumerator.MoveNextAsync()
ClientConnectionId:8efe9baf-5b48-4634-b55d-0520a8e0ad6b
Error Number:207,State:1,Class:16
2026-06-17 09:21:55,601 [1] INFO  Microsoft.EntityFrameworkCore.Database.Command - Executed DbCommand (16ms) [Parameters=[], CommandType='Text', CommandTimeout='30']
SELECT 1
2026-06-17 09:21:55,629 [1] INFO  Microsoft.EntityFrameworkCore.Database.Command - Executed DbCommand (11ms) [Parameters=[], CommandType='Text', CommandTimeout='30']
SELECT OBJECT_ID(N'[__EFMigrationsHistory]');
2026-06-17 09:21:55,630 [1] INFO  Microsoft.EntityFrameworkCore.Database.Command - Executed DbCommand (1ms) [Parameters=[], CommandType='Text', CommandTimeout='30']
SELECT 1
2026-06-17 09:21:55,704 [1] INFO  Microsoft.EntityFrameworkCore.Database.Command - Executed DbCommand (16ms) [Parameters=[], CommandType='Text', CommandTimeout='30']
CREATE TABLE [__EFMigrationsHistory] (
    [MigrationId] nvarchar(150) NOT NULL,
    [ProductVersion] nvarchar(32) NOT NULL,
    CONSTRAINT [PK___EFMigrationsHistory] PRIMARY KEY ([MigrationId])
);
2026-06-17 09:21:55,706 [1] INFO  Microsoft.EntityFrameworkCore.Database.Command - Executed DbCommand (1ms) [Parameters=[], CommandType='Text', CommandTimeout='30']
SELECT 1
2026-06-17 09:21:55,708 [1] INFO  Microsoft.EntityFrameworkCore.Database.Command - Executed DbCommand (2ms) [Parameters=[], CommandType='Text', CommandTimeout='30']
SELECT OBJECT_ID(N'[__EFMigrationsHistory]');
2026-06-17 09:21:55,724 [1] INFO  Microsoft.EntityFrameworkCore.Database.Command - Executed DbCommand (14ms) [Parameters=[], CommandType='Text', CommandTimeout='30']
SELECT [MigrationId], [ProductVersion]
FROM [__EFMigrationsHistory]
ORDER BY [MigrationId];
2026-06-17 09:21:55,737 [1] INFO  Microsoft.EntityFrameworkCore.Migrations - Applying migration '20260617035144_user table added'.
2026-06-17 09:21:55,800 [1] ERROR Microsoft.EntityFrameworkCore.Database.Command - Failed executing DbCommand (23ms) [Parameters=[], CommandType='Text', CommandTimeout='30']
CREATE TABLE [Doctors] (
    [DoctorId] int NOT NULL IDENTITY,
    [DoctorName] nvarchar(100) NOT NULL,
    [Specialization] nvarchar(100) NOT NULL,
    [ConsultationFee] decimal(18,2) NOT NULL,
    [PhoneNumber] nvarchar(15) NOT NULL,
    [IsAvailable] bit NOT NULL DEFAULT CAST(1 AS bit),
    CONSTRAINT [PK__Doctors__2DC00EBFA44B610E] PRIMARY KEY ([DoctorId])
);
2026-06-17 09:22:59,756 [1] INFO  Microsoft.EntityFrameworkCore.Database.Command - Executed DbCommand (12ms) [Parameters=[], CommandType='Text', CommandTimeout='30']
SELECT 1
2026-06-17 09:22:59,784 [1] INFO  Microsoft.EntityFrameworkCore.Database.Command - Executed DbCommand (15ms) [Parameters=[], CommandType='Text', CommandTimeout='30']
SELECT OBJECT_ID(N'[__EFMigrationsHistory]');
2026-06-17 09:22:59,787 [1] INFO  Microsoft.EntityFrameworkCore.Database.Command - Executed DbCommand (2ms) [Parameters=[], CommandType='Text', CommandTimeout='30']
SELECT 1
2026-06-17 09:22:59,790 [1] INFO  Microsoft.EntityFrameworkCore.Database.Command - Executed DbCommand (1ms) [Parameters=[], CommandType='Text', CommandTimeout='30']
SELECT OBJECT_ID(N'[__EFMigrationsHistory]');
2026-06-17 09:22:59,806 [1] INFO  Microsoft.EntityFrameworkCore.Database.Command - Executed DbCommand (4ms) [Parameters=[], CommandType='Text', CommandTimeout='30']
SELECT [MigrationId], [ProductVersion]
FROM [__EFMigrationsHistory]
ORDER BY [MigrationId];
2026-06-17 09:22:59,821 [1] INFO  Microsoft.EntityFrameworkCore.Migrations - Applying migration '20260617035144_user table added'.
2026-06-17 09:22:59,876 [1] ERROR Microsoft.EntityFrameworkCore.Database.Command - Failed executing DbCommand (4ms) [Parameters=[], CommandType='Text', CommandTimeout='30']
CREATE TABLE [Doctors] (
    [DoctorId] int NOT NULL IDENTITY,
    [DoctorName] nvarchar(100) NOT NULL,
    [Specialization] nvarchar(100) NOT NULL,
    [ConsultationFee] decimal(18,2) NOT NULL,
    [PhoneNumber] nvarchar(15) NOT NULL,
    [IsAvailable] bit NOT NULL DEFAULT CAST(1 AS bit),
    CONSTRAINT [PK__Doctors__2DC00EBFA44B610E] PRIMARY KEY ([DoctorId])
);
2026-06-17 09:26:12,915 [1] INFO  Microsoft.EntityFrameworkCore.Database.Command - Executed DbCommand (15ms) [Parameters=[], CommandType='Text', CommandTimeout='30']
SELECT 1
2026-06-17 09:26:12,940 [1] INFO  Microsoft.EntityFrameworkCore.Database.Command - Executed DbCommand (12ms) [Parameters=[], CommandType='Text', CommandTimeout='30']
SELECT OBJECT_ID(N'[__EFMigrationsHistory]');
2026-06-17 09:26:12,942 [1] INFO  Microsoft.EntityFrameworkCore.Database.Command - Executed DbCommand (1ms) [Parameters=[], CommandType='Text', CommandTimeout='30']
SELECT 1
2026-06-17 09:26:12,943 [1] INFO  Microsoft.EntityFrameworkCore.Database.Command - Executed DbCommand (1ms) [Parameters=[], CommandType='Text', CommandTimeout='30']
SELECT OBJECT_ID(N'[__EFMigrationsHistory]');
2026-06-17 09:26:12,955 [1] INFO  Microsoft.EntityFrameworkCore.Database.Command - Executed DbCommand (3ms) [Parameters=[], CommandType='Text', CommandTimeout='30']
SELECT [MigrationId], [ProductVersion]
FROM [__EFMigrationsHistory]
ORDER BY [MigrationId];
2026-06-17 09:26:12,965 [1] INFO  Microsoft.EntityFrameworkCore.Migrations - Applying migration '20260617035555_user table added'.
2026-06-17 09:26:12,999 [1] INFO  Microsoft.EntityFrameworkCore.Database.Command - Executed DbCommand (7ms) [Parameters=[], CommandType='Text', CommandTimeout='30']
INSERT INTO [__EFMigrationsHistory] ([MigrationId], [ProductVersion])
VALUES (N'20260617035555_user table added', N'8.0.28');
2026-06-17 09:27:04,757 [1] INFO  Microsoft.Hosting.Lifetime - Now listening on: https://localhost:7014
2026-06-17 09:27:04,762 [1] INFO  Microsoft.Hosting.Lifetime - Now listening on: http://localhost:5162
2026-06-17 09:27:04,764 [1] INFO  Microsoft.Hosting.Lifetime - Application started. Press Ctrl+C to shut down.
2026-06-17 09:27:04,764 [1] INFO  Microsoft.Hosting.Lifetime - Hosting environment: Development
2026-06-17 09:27:04,764 [1] INFO  Microsoft.Hosting.Lifetime - Content root path: C:\Personal\Hexa May 26 DotNet\Git Notes\Hexa_May_26_DotNet\Asp Core Web API demos\Api_Pagination_Sorting_Demo
2026-06-17 09:29:47,797 [1] INFO  Microsoft.Hosting.Lifetime - Now listening on: https://localhost:7014
2026-06-17 09:29:47,804 [1] INFO  Microsoft.Hosting.Lifetime - Now listening on: http://localhost:5162
2026-06-17 09:29:47,807 [1] INFO  Microsoft.Hosting.Lifetime - Application started. Press Ctrl+C to shut down.
2026-06-17 09:29:47,807 [1] INFO  Microsoft.Hosting.Lifetime - Hosting environment: Development
2026-06-17 09:29:47,808 [1] INFO  Microsoft.Hosting.Lifetime - Content root path: C:\Personal\Hexa May 26 DotNet\Git Notes\Hexa_May_26_DotNet\Asp Core Web API demos\Api_Pagination_Sorting_Demo
2026-06-17 09:30:06,873 [.NET TP Worker] ERROR Microsoft.EntityFrameworkCore.Database.Command - Failed executing DbCommand (109ms) [Parameters=[@__userName_0='?' (Size = 50) (DbType = AnsiString)], CommandType='Text', CommandTimeout='30']
SELECT [t].[UserId], [t].[CreatedDate], [t].[Email], [t].[FullName], [t].[IsActive], [t].[PasswordHash], [t].[UserName], [t0].[UserRoleId], [t0].[RoleId], [t0].[UserId], [t0].[RoleId0], [t0].[RoleName]
FROM (
    SELECT TOP(1) [u].[UserId], [u].[CreatedDate], [u].[Email], [u].[FullName], [u].[IsActive], [u].[PasswordHash], [u].[UserName]
    FROM [Users] AS [u]
    WHERE [u].[UserName] = @__userName_0
) AS [t]
LEFT JOIN (
    SELECT [u0].[UserRoleId], [u0].[RoleId], [u0].[UserId], [r].[RoleId] AS [RoleId0], [r].[RoleName]
    FROM [UserRoles] AS [u0]
    INNER JOIN [Roles] AS [r] ON [u0].[RoleId] = [r].[RoleId]
) AS [t0] ON [t].[UserId] = [t0].[UserId]
ORDER BY [t].[UserId], [t0].[UserRoleId]
2026-06-17 09:30:06,925 [.NET TP Worker] ERROR Microsoft.EntityFrameworkCore.Query - An exception occurred while iterating over the results of a query for context type 'Api_Pagination_Sorting_Demo.Data.HospitalAppointmentDbContext'.
Microsoft.Data.SqlClient.SqlException (0x80131904): Invalid column name 'CreatedDate'.
Invalid column name 'Email'.
Invalid column name 'IsActive'.
Invalid column name 'UserRoleId'.
Invalid column name 'RoleName'.
   at Microsoft.Data.SqlClient.SqlCommand.<>c.<ExecuteDbDataReaderAsync>b__211_0(Task`1 result)
   at System.Threading.Tasks.ContinuationResultTaskFromResultTask`2.InnerInvoke()
   at System.Threading.ExecutionContext.RunInternal(ExecutionContext executionContext, ContextCallback callback, Object state)
--- End of stack trace from previous location ---
   at System.Threading.ExecutionContext.RunInternal(ExecutionContext executionContext, ContextCallback callback, Object state)
   at System.Threading.Tasks.Task.ExecuteWithThreadLocal(Task& currentTaskSlot, Thread threadPoolThread)
--- End of stack trace from previous location ---
   at Microsoft.EntityFrameworkCore.Storage.RelationalCommand.ExecuteReaderAsync(RelationalCommandParameterObject parameterObject, CancellationToken cancellationToken)
   at Microsoft.EntityFrameworkCore.Storage.RelationalCommand.ExecuteReaderAsync(RelationalCommandParameterObject parameterObject, CancellationToken cancellationToken)
   at Microsoft.EntityFrameworkCore.Query.Internal.SingleQueryingEnumerable`1.AsyncEnumerator.InitializeReaderAsync(AsyncEnumerator enumerator, CancellationToken cancellationToken)
   at Microsoft.EntityFrameworkCore.SqlServer.Storage.Internal.SqlServerExecutionStrategy.ExecuteAsync[TState,TResult](TState state, Func`4 operation, Func`4 verifySucceeded, CancellationToken cancellationToken)
   at Microsoft.EntityFrameworkCore.Query.Internal.SingleQueryingEnumerable`1.AsyncEnumerator.MoveNextAsync()
ClientConnectionId:96af7468-4d5d-4ea1-9eb0-d3882f5919fd
Error Number:207,State:1,Class:16
Microsoft.Data.SqlClient.SqlException (0x80131904): Invalid column name 'CreatedDate'.
Invalid column name 'Email'.
Invalid column name 'IsActive'.
Invalid column name 'UserRoleId'.
Invalid column name 'RoleName'.
   at Microsoft.Data.SqlClient.SqlCommand.<>c.<ExecuteDbDataReaderAsync>b__211_0(Task`1 result)
   at System.Threading.Tasks.ContinuationResultTaskFromResultTask`2.InnerInvoke()
   at System.Threading.ExecutionContext.RunInternal(ExecutionContext executionContext, ContextCallback callback, Object state)
--- End of stack trace from previous location ---
   at System.Threading.ExecutionContext.RunInternal(ExecutionContext executionContext, ContextCallback callback, Object state)
   at System.Threading.Tasks.Task.ExecuteWithThreadLocal(Task& currentTaskSlot, Thread threadPoolThread)
--- End of stack trace from previous location ---
   at Microsoft.EntityFrameworkCore.Storage.RelationalCommand.ExecuteReaderAsync(RelationalCommandParameterObject parameterObject, CancellationToken cancellationToken)
   at Microsoft.EntityFrameworkCore.Storage.RelationalCommand.ExecuteReaderAsync(RelationalCommandParameterObject parameterObject, CancellationToken cancellationToken)
   at Microsoft.EntityFrameworkCore.Query.Internal.SingleQueryingEnumerable`1.AsyncEnumerator.InitializeReaderAsync(AsyncEnumerator enumerator, CancellationToken cancellationToken)
   at Microsoft.EntityFrameworkCore.SqlServer.Storage.Internal.SqlServerExecutionStrategy.ExecuteAsync[TState,TResult](TState state, Func`4 operation, Func`4 verifySucceeded, CancellationToken cancellationToken)
   at Microsoft.EntityFrameworkCore.Query.Internal.SingleQueryingEnumerable`1.AsyncEnumerator.MoveNextAsync()
ClientConnectionId:96af7468-4d5d-4ea1-9eb0-d3882f5919fd
Error Number:207,State:1,Class:16
